// Jest Snapshot v1, https://goo.gl/fbAQLP

exports[`adds 2 * 2  to equal 4 1`] = `4`;
