// Jest Snapshot v1, https://goo.gl/fbAQLP

exports[`all your object belong to us 1`] = `"=== Purpose ==="`;
